[hossainmdali001.github.io/nipro_main_project/index2a2f.html]
[cdn.jsdelivr.net/npm/pixeden-stroke-7-icon@1.2.3/pe-icon-7-stroke/dist/pe-icon-7-stroke.min.css]
[hossainmdali001.github.io/nipro_main_project/css/all.css]
[hossainmdali001.github.io/nipro_main_project/css/bootstrap.css]
[hossainmdali001.github.io/nipro_main_project/css/style.css]
[hossainmdali001.github.io/nipro_main_project/css/slick.css]
[hossainmdali001.github.io/nipro_main_project/css/venobox.min.css]
[backblue.gif]
[fade.gif]
[index.html]
[hossainmdali001.github.io/nipro_main_project/css/media.css]
[hossainmdali001.github.io/nipro_main_project/index.html]
[hossainmdali001.github.io/nipro_main_project/images/about.jpg]
[hossainmdali001.github.io/nipro_main_project/images/port1.jpg]
[hossainmdali001.github.io/nipro_main_project/images/port6.jpg]
[hossainmdali001.github.io/nipro_main_project/images/port3.jpg]
[hossainmdali001.github.io/nipro_main_project/images/port4.jpg]
[hossainmdali001.github.io/nipro_main_project/images/port5.jpg]
[hossainmdali001.github.io/nipro_main_project/images/work1.jpg]
[hossainmdali001.github.io/nipro_main_project/images/work2.jpg]
[hossainmdali001.github.io/nipro_main_project/images/work3.jpg]
[hossainmdali001.github.io/nipro_main_project/images/work4.jpg]
[hossainmdali001.github.io/nipro_main_project/js/jquery-1.12.4.min.js]
[hossainmdali001.github.io/nipro_main_project/js/popper.min.js]
[hossainmdali001.github.io/nipro_main_project/js/bootstrap.min.js]
[hossainmdali001.github.io/nipro_main_project/js/slick.min.js]
[hossainmdali001.github.io/nipro_main_project/js/waypoints.min.js]
[hossainmdali001.github.io/nipro_main_project/js/jquery.counterup.min.js]
[hossainmdali001.github.io/nipro_main_project/js/mixitup.min.js]
[hossainmdali001.github.io/nipro_main_project/js/venobox.min.js]
[hossainmdali001.github.io/nipro_main_project/js/custom.js]
[hossainmdali001.github.io/nipro_main_project/index2a2f.html]
[cdn.jsdelivr.net/npm/pixeden-stroke-7-icon@1.2.3/pe-icon-7-stroke/dist/pe-icon-7-stroke.min.css]
[hossainmdali001.github.io/nipro_main_project/webfonts/fa-brands-400.eot]
[hossainmdali001.github.io/nipro_main_project/webfonts/fa-brands-400.woff2]
[hossainmdali001.github.io/nipro_main_project/webfonts/fa-brands-400d41d.eot]
[hossainmdali001.github.io/nipro_main_project/webfonts/fa-brands-400.woff]
[hossainmdali001.github.io/nipro_main_project/webfonts/fa-brands-400.ttf]
[hossainmdali001.github.io/nipro_main_project/webfonts/fa-regular-400.eot]
[hossainmdali001.github.io/nipro_main_project/webfonts/fa-regular-400d41d.eot]
[hossainmdali001.github.io/nipro_main_project/webfonts/fa-brands-400.svg]
[hossainmdali001.github.io/nipro_main_project/webfonts/fa-regular-400.woff2]
[hossainmdali001.github.io/nipro_main_project/webfonts/fa-regular-400.woff]
[hossainmdali001.github.io/nipro_main_project/webfonts/fa-regular-400.ttf]
[hossainmdali001.github.io/nipro_main_project/webfonts/fa-regular-400.svg]
[hossainmdali001.github.io/nipro_main_project/webfonts/fa-solid-900.eot]
[hossainmdali001.github.io/nipro_main_project/webfonts/fa-solid-900.woff2]
[hossainmdali001.github.io/nipro_main_project/webfonts/fa-solid-900d41d.eot]
[hossainmdali001.github.io/nipro_main_project/webfonts/fa-solid-900.woff]
[hossainmdali001.github.io/nipro_main_project/webfonts/fa-solid-900.ttf]
[hossainmdali001.github.io/nipro_main_project/css/all.css]
[hossainmdali001.github.io/nipro_main_project/css/bootstrap.css]
[hossainmdali001.github.io/nipro_main_project/images/slider.jpg]
[hossainmdali001.github.io/nipro_main_project/images/work.jpg]
[hossainmdali001.github.io/nipro_main_project/images/footer.jpg]
[hossainmdali001.github.io/nipro_main_project/css/style.css]
[hossainmdali001.github.io/nipro_main_project/webfonts/fa-solid-900.svg]
[hossainmdali001.github.io/nipro_main_project/css/slick.css]
[hossainmdali001.github.io/nipro_main_project/css/venobox.min.css]
[hossainmdali001.github.io/nipro_main_project/css/media.css]
[hossainmdali001.github.io/nipro_main_project/index.html]
[hossainmdali001.github.io/nipro_main_project/webfonts/fa-brands-400.svg]
[hossainmdali001.github.io/nipro_main_project/webfonts/fa-regular-400.svg]
[hossainmdali001.github.io/nipro_main_project/webfonts/fa-solid-900.svg]
